
> frontend@0.0.0 build
> tsc -b && vite build

src/App.tsx(1,17): error TS6133: 'useEffect' is declared but its value is never read.
src/App.tsx(2,50): error TS6133: 'useNavigate' is declared but its value is never read.
